OpenJDK 64-Bit Server VM (25.252-b09) for windows-amd64 JRE (1.8.0_252-Huawei_JDK_V100R001C00SPC192B002-b09), built on Apr 15 2020 20:00:00 by "Jenkins" with MS VC++ 16.2.5 (VS2019)
Memory: 4k page, physical 16654948k(11354436k free), swap 19145316k(13530380k free)
CommandLine flags: -XX:InitialHeapSize=134217728 -XX:MaxHeapSize=134217728 -XX:+PrintGC -XX:+PrintGCDateStamps -XX:+PrintGCDetails -XX:+PrintGCTimeStamps -XX:+UseCompressedClassPointers -XX:+UseCompressedOops -XX:-UseLargePagesIndividualAllocation -XX:+UseParallelGC 
2020-10-28T22:47:30.918+0800: 0.152: [GC (Allocation Failure) [PSYoungGen: 33173K->5105K(38400K)] 33173K->10163K(125952K), 0.0041235 secs] [Times: user=0.03 sys=0.02, real=0.00 secs] 
2020-10-28T22:47:30.935+0800: 0.169: [GC (Allocation Failure) [PSYoungGen: 38385K->5109K(38400K)] 43443K->22647K(125952K), 0.0079079 secs] [Times: user=0.00 sys=0.00, real=0.01 secs] 
2020-10-28T22:47:30.949+0800: 0.187: [GC (Allocation Failure) [PSYoungGen: 38389K->5118K(38400K)] 55927K->34704K(125952K), 0.0048312 secs] [Times: user=0.02 sys=0.05, real=0.01 secs] 
2020-10-28T22:47:30.964+0800: 0.197: [GC (Allocation Failure) [PSYoungGen: 38278K->5107K(38400K)] 67864K->43447K(125952K), 0.0034310 secs] [Times: user=0.00 sys=0.00, real=0.00 secs] 
2020-10-28T22:47:30.969+0800: 0.206: [GC (Allocation Failure) [PSYoungGen: 38387K->5110K(38400K)] 76727K->54374K(125952K), 0.0045976 secs] [Times: user=0.00 sys=0.00, real=0.01 secs] 
2020-10-28T22:47:30.977+0800: 0.215: [GC (Allocation Failure) [PSYoungGen: 38146K->5102K(19968K)] 87410K->66126K(107520K), 0.0044426 secs] [Times: user=0.05 sys=0.02, real=0.01 secs] 
2020-10-28T22:47:30.988+0800: 0.222: [GC (Allocation Failure) [PSYoungGen: 19846K->7588K(29184K)] 80871K->69799K(116736K), 0.0018512 secs] [Times: user=0.00 sys=0.00, real=0.00 secs] 
2020-10-28T22:47:30.991+0800: 0.226: [GC (Allocation Failure) [PSYoungGen: 22436K->11428K(29184K)] 84647K->75537K(116736K), 0.0024546 secs] [Times: user=0.00 sys=0.00, real=0.00 secs] 
2020-10-28T22:47:30.997+0800: 0.230: [GC (Allocation Failure) [PSYoungGen: 26180K->14319K(29184K)] 90290K->81031K(116736K), 0.0027678 secs] [Times: user=0.00 sys=0.00, real=0.00 secs] 
2020-10-28T22:47:31.001+0800: 0.235: [GC (Allocation Failure) [PSYoungGen: 29140K->10703K(29184K)] 95853K->86305K(116736K), 0.0038158 secs] [Times: user=0.00 sys=0.00, real=0.00 secs] 
2020-10-28T22:47:31.005+0800: 0.239: [Full GC (Ergonomics) [PSYoungGen: 10703K->0K(29184K)] [ParOldGen: 75602K->77714K(87552K)] 86305K->77714K(116736K), [Metaspace: 2987K->2987K(1056768K)], 0.0116201 secs] [Times: user=0.02 sys=0.00, real=0.01 secs] 
2020-10-28T22:47:31.019+0800: 0.253: [Full GC (Ergonomics) [PSYoungGen: 14733K->0K(29184K)] [ParOldGen: 77714K->81887K(87552K)] 92447K->81887K(116736K), [Metaspace: 2987K->2987K(1056768K)], 0.0095091 secs] [Times: user=0.00 sys=0.00, real=0.01 secs] 
2020-10-28T22:47:31.030+0800: 0.265: [Full GC (Ergonomics) [PSYoungGen: 14840K->0K(29184K)] [ParOldGen: 81887K->86234K(87552K)] 96728K->86234K(116736K), [Metaspace: 2987K->2987K(1056768K)], 0.0109977 secs] [Times: user=0.02 sys=0.00, real=0.01 secs] 
2020-10-28T22:47:31.044+0800: 0.278: [Full GC (Ergonomics) [PSYoungGen: 14848K->1635K(29184K)] [ParOldGen: 86234K->86968K(87552K)] 101082K->88603K(116736K), [Metaspace: 2987K->2987K(1056768K)], 0.0099723 secs] [Times: user=0.06 sys=0.00, real=0.01 secs] 
2020-10-28T22:47:31.056+0800: 0.290: [Full GC (Ergonomics) [PSYoungGen: 14832K->4222K(29184K)] [ParOldGen: 86968K->87104K(87552K)] 101801K->91327K(116736K), [Metaspace: 2987K->2987K(1056768K)], 0.0109027 secs] [Times: user=0.03 sys=0.00, real=0.01 secs] 
2020-10-28T22:47:31.068+0800: 0.303: [Full GC (Ergonomics) [PSYoungGen: 14848K->7605K(29184K)] [ParOldGen: 87104K->87385K(87552K)] 101952K->94991K(116736K), [Metaspace: 2987K->2987K(1056768K)], 0.0087481 secs] [Times: user=0.03 sys=0.00, real=0.01 secs] 
2020-10-28T22:47:31.079+0800: 0.313: [Full GC (Ergonomics) [PSYoungGen: 14707K->9093K(29184K)] [ParOldGen: 87385K->86790K(87552K)] 102092K->95884K(116736K), [Metaspace: 2987K->2987K(1056768K)], 0.0087392 secs] [Times: user=0.00 sys=0.00, real=0.01 secs] 
2020-10-28T22:47:31.089+0800: 0.323: [Full GC (Ergonomics) [PSYoungGen: 14561K->8466K(29184K)] [ParOldGen: 86790K->87511K(87552K)] 101352K->95977K(116736K), [Metaspace: 2987K->2987K(1056768K)], 0.0115940 secs] [Times: user=0.03 sys=0.00, real=0.01 secs] 
2020-10-28T22:47:31.102+0800: 0.336: [Full GC (Ergonomics) [PSYoungGen: 14436K->9373K(29184K)] [ParOldGen: 87511K->87114K(87552K)] 101948K->96488K(116736K), [Metaspace: 2987K->2987K(1056768K)], 0.0077096 secs] [Times: user=0.00 sys=0.02, real=0.01 secs] 
2020-10-28T22:47:31.111+0800: 0.344: [Full GC (Ergonomics) [PSYoungGen: 14848K->11209K(29184K)] [ParOldGen: 87114K->87532K(87552K)] 101962K->98742K(116736K), [Metaspace: 2987K->2987K(1056768K)], 0.0110818 secs] [Times: user=0.00 sys=0.00, real=0.01 secs] 
2020-10-28T22:47:31.123+0800: 0.356: [Full GC (Ergonomics) [PSYoungGen: 14783K->11838K(29184K)] [ParOldGen: 87532K->87404K(87552K)] 102316K->99242K(116736K), [Metaspace: 2987K->2987K(1056768K)], 0.0094390 secs] [Times: user=0.01 sys=0.00, real=0.01 secs] 
2020-10-28T22:47:31.133+0800: 0.367: [Full GC (Ergonomics) [PSYoungGen: 14441K->12124K(29184K)] [ParOldGen: 87404K->87260K(87552K)] 101845K->99385K(116736K), [Metaspace: 2987K->2987K(1056768K)], 0.0028091 secs] [Times: user=0.00 sys=0.00, real=0.00 secs] 
2020-10-28T22:47:31.136+0800: 0.370: [Full GC (Ergonomics) [PSYoungGen: 14724K->12609K(29184K)] [ParOldGen: 87260K->87309K(87552K)] 101984K->99919K(116736K), [Metaspace: 2987K->2987K(1056768K)], 0.0102402 secs] [Times: user=0.03 sys=0.00, real=0.01 secs] 
2020-10-28T22:47:31.148+0800: 0.381: [Full GC (Ergonomics) [PSYoungGen: 14793K->12717K(29184K)] [ParOldGen: 87309K->87550K(87552K)] 102102K->100267K(116736K), [Metaspace: 2987K->2987K(1056768K)], 0.0062405 secs] [Times: user=0.00 sys=0.00, real=0.01 secs] 
2020-10-28T22:47:31.154+0800: 0.388: [Full GC (Ergonomics) [PSYoungGen: 14621K->13271K(29184K)] [ParOldGen: 87550K->87267K(87552K)] 102171K->100539K(116736K), [Metaspace: 2987K->2987K(1056768K)], 0.0091192 secs] [Times: user=0.02 sys=0.00, real=0.01 secs] 
2020-10-28T22:47:31.164+0800: 0.398: [Full GC (Ergonomics) [PSYoungGen: 14567K->13447K(29184K)] [ParOldGen: 87267K->87131K(87552K)] 101835K->100578K(116736K), [Metaspace: 2987K->2987K(1056768K)], 0.0072348 secs] [Times: user=0.00 sys=0.00, real=0.01 secs] 
2020-10-28T22:47:31.171+0800: 0.405: [Full GC (Ergonomics) [PSYoungGen: 14787K->13471K(29184K)] [ParOldGen: 87131K->87131K(87552K)] 101919K->100603K(116736K), [Metaspace: 2987K->2987K(1056768K)], 0.0025509 secs] [Times: user=0.00 sys=0.00, real=0.00 secs] 
2020-10-28T22:47:31.175+0800: 0.408: [Full GC (Ergonomics) [PSYoungGen: 14542K->13960K(29184K)] [ParOldGen: 87131K->87131K(87552K)] 101674K->101092K(116736K), [Metaspace: 2987K->2987K(1056768K)], 0.0024260 secs] [Times: user=0.00 sys=0.00, real=0.00 secs] 
2020-10-28T22:47:31.177+0800: 0.411: [Full GC (Ergonomics) [PSYoungGen: 14707K->14036K(29184K)] [ParOldGen: 87131K->86947K(87552K)] 101839K->100983K(116736K), [Metaspace: 2987K->2987K(1056768K)], 0.0128792 secs] [Times: user=0.03 sys=0.00, real=0.01 secs] 
2020-10-28T22:47:31.190+0800: 0.425: [Full GC (Ergonomics) [PSYoungGen: 14728K->14144K(29184K)] [ParOldGen: 86947K->86947K(87552K)] 101676K->101092K(116736K), [Metaspace: 2987K->2987K(1056768K)], 0.0022643 secs] [Times: user=0.00 sys=0.00, real=0.00 secs] 
2020-10-28T22:47:31.193+0800: 0.427: [Full GC (Ergonomics) [PSYoungGen: 14309K->14309K(29184K)] [ParOldGen: 86947K->86754K(87552K)] 101256K->101063K(116736K), [Metaspace: 2987K->2987K(1056768K)], 0.0076459 secs] [Times: user=0.00 sys=0.00, real=0.01 secs] 
2020-10-28T22:47:31.201+0800: 0.435: [Full GC (Ergonomics) [PSYoungGen: 14664K->14594K(29184K)] [ParOldGen: 87499K->87499K(87552K)] 102163K->102094K(116736K), [Metaspace: 2987K->2987K(1056768K)], 0.0024010 secs] [Times: user=0.02 sys=0.00, real=0.00 secs] 
2020-10-28T22:47:31.204+0800: 0.438: [Full GC (Allocation Failure) [PSYoungGen: 14594K->14594K(29184K)] [ParOldGen: 87499K->87480K(87552K)] 102094K->102075K(116736K), [Metaspace: 2987K->2987K(1056768K)], 0.0093774 secs] [Times: user=0.00 sys=0.00, real=0.01 secs] 
Heap
 PSYoungGen      total 29184K, used 14848K [0x00000000fd580000, 0x0000000100000000, 0x0000000100000000)
  eden space 14848K, 100% used [0x00000000fd580000,0x00000000fe400000,0x00000000fe400000)
  from space 14336K, 0% used [0x00000000ff200000,0x00000000ff200000,0x0000000100000000)
  to   space 14336K, 0% used [0x00000000fe400000,0x00000000fe400000,0x00000000ff200000)
 ParOldGen       total 87552K, used 87480K [0x00000000f8000000, 0x00000000fd580000, 0x00000000fd580000)
  object space 87552K, 99% used [0x00000000f8000000,0x00000000fd56e190,0x00000000fd580000)
 Metaspace       used 3018K, capacity 4486K, committed 4864K, reserved 1056768K
  class space    used 317K, capacity 386K, committed 512K, reserved 1048576K
