OpenJDK 64-Bit Server VM (25.252-b09) for windows-amd64 JRE (1.8.0_252-Huawei_JDK_V100R001C00SPC192B002-b09), built on Apr 15 2020 20:00:00 by "Jenkins" with MS VC++ 16.2.5 (VS2019)
Memory: 4k page, physical 16654948k(11145084k free), swap 19145316k(13377052k free)
CommandLine flags: -XX:InitialHeapSize=266479168 -XX:MaxHeapSize=4263666688 -XX:+PrintGC -XX:+PrintGCDateStamps -XX:+PrintGCDetails -XX:+PrintGCTimeStamps -XX:+UseCompressedClassPointers -XX:+UseCompressedOops -XX:-UseLargePagesIndividualAllocation -XX:+UseSerialGC 
2020-10-28T22:54:09.958+0800: 0.198: [GC (Allocation Failure) 2020-10-28T22:54:09.958+0800: 0.198: [DefNew: 69952K->8704K(78656K), 0.0149995 secs] 69952K->20802K(253440K), 0.0151715 secs] [Times: user=0.00 sys=0.02, real=0.02 secs] 
2020-10-28T22:54:09.986+0800: 0.227: [GC (Allocation Failure) 2020-10-28T22:54:09.986+0800: 0.227: [DefNew: 78656K->8703K(78656K), 0.0227147 secs] 90754K->43503K(253440K), 0.0227883 secs] [Times: user=0.00 sys=0.00, real=0.02 secs] 
2020-10-28T22:54:10.019+0800: 0.260: [GC (Allocation Failure) 2020-10-28T22:54:10.019+0800: 0.260: [DefNew: 78448K->8703K(78656K), 0.0159206 secs] 113248K->64522K(253440K), 0.0159972 secs] [Times: user=0.00 sys=0.01, real=0.02 secs] 
2020-10-28T22:54:10.046+0800: 0.287: [GC (Allocation Failure) 2020-10-28T22:54:10.046+0800: 0.287: [DefNew: 78655K->8703K(78656K), 0.0162362 secs] 134474K->88487K(253440K), 0.0163033 secs] [Times: user=0.00 sys=0.00, real=0.01 secs] 
2020-10-28T22:54:10.066+0800: 0.312: [GC (Allocation Failure) 2020-10-28T22:54:10.066+0800: 0.312: [DefNew: 78655K->8703K(78656K), 0.0164455 secs] 158439K->112872K(253440K), 0.0165126 secs] [Times: user=0.00 sys=0.02, real=0.02 secs] 
2020-10-28T22:54:10.097+0800: 0.339: [GC (Allocation Failure) 2020-10-28T22:54:10.097+0800: 0.339: [DefNew: 78655K->8702K(78656K), 0.0156616 secs] 182824K->135350K(253440K), 0.0157303 secs] [Times: user=0.00 sys=0.02, real=0.02 secs] 
2020-10-28T22:54:10.115+0800: 0.363: [GC (Allocation Failure) 2020-10-28T22:54:10.115+0800: 0.363: [DefNew: 78654K->8703K(78656K), 0.0150741 secs] 205302K->157392K(253440K), 0.0151403 secs] [Times: user=0.00 sys=0.02, real=0.02 secs] 
2020-10-28T22:54:10.145+0800: 0.387: [GC (Allocation Failure) 2020-10-28T22:54:10.145+0800: 0.387: [DefNew: 78427K->8702K(78656K), 0.0171265 secs] 227116K->182784K(253440K), 0.0171934 secs] [Times: user=0.00 sys=0.02, real=0.02 secs] 
2020-10-28T22:54:10.167+0800: 0.414: [GC (Allocation Failure) 2020-10-28T22:54:10.167+0800: 0.414: [DefNew: 78494K->8698K(78656K), 0.0161895 secs]2020-10-28T22:54:10.185+0800: 0.430: [Tenured: 197030K->171177K(197152K), 0.0187244 secs] 252575K->171177K(275808K), [Metaspace: 2987K->2987K(1056768K)], 0.0355845 secs] [Times: user=0.03 sys=0.02, real=0.04 secs] 
2020-10-28T22:54:10.236+0800: 0.479: [GC (Allocation Failure) 2020-10-28T22:54:10.236+0800: 0.479: [DefNew: 114240K->14207K(128448K), 0.0122794 secs] 285417K->208171K(413744K), 0.0123472 secs] [Times: user=0.01 sys=0.00, real=0.01 secs] 
2020-10-28T22:54:10.265+0800: 0.506: [GC (Allocation Failure) 2020-10-28T22:54:10.265+0800: 0.506: [DefNew: 127976K->14206K(128448K), 0.0309128 secs] 321940K->245118K(413744K), 0.0309758 secs] [Times: user=0.02 sys=0.02, real=0.03 secs] 
2020-10-28T22:54:10.305+0800: 0.551: [GC (Allocation Failure) 2020-10-28T22:54:10.305+0800: 0.551: [DefNew: 128446K->14207K(128448K), 0.0234808 secs] 359358K->279375K(413744K), 0.0235479 secs] [Times: user=0.02 sys=0.01, real=0.03 secs] 
2020-10-28T22:54:10.346+0800: 0.590: [GC (Allocation Failure) 2020-10-28T22:54:10.346+0800: 0.590: [DefNew: 128447K->14208K(128448K), 0.0239366 secs]2020-10-28T22:54:10.366+0800: 0.614: [Tenured: 299757K->245520K(299908K), 0.0289399 secs] 393615K->245520K(428356K), [Metaspace: 2987K->2987K(1056768K)], 0.0537004 secs] [Times: user=0.05 sys=0.00, real=0.05 secs] 
2020-10-28T22:54:10.434+0800: 0.675: [GC (Allocation Failure) 2020-10-28T22:54:10.434+0800: 0.675: [DefNew: 163776K->20415K(184192K), 0.0173272 secs] 409296K->301856K(593396K), 0.0173969 secs] [Times: user=0.00 sys=0.02, real=0.01 secs] 
2020-10-28T22:54:10.474+0800: 0.715: [GC (Allocation Failure) 2020-10-28T22:54:10.474+0800: 0.715: [DefNew: 184191K->20416K(184192K), 0.0343350 secs] 465632K->351206K(593396K), 0.0344114 secs] [Times: user=0.03 sys=0.00, real=0.03 secs] 
2020-10-28T22:54:10.526+0800: 0.770: [GC (Allocation Failure) 2020-10-28T22:54:10.526+0800: 0.770: [DefNew: 184192K->20415K(184192K), 0.0330605 secs] 514982K->400518K(593396K), 0.0331267 secs] [Times: user=0.02 sys=0.02, real=0.03 secs] 
2020-10-28T22:54:10.583+0800: 0.825: [GC (Allocation Failure) 2020-10-28T22:54:10.583+0800: 0.825: [DefNew: 184141K->20415K(184192K), 0.0331806 secs]2020-10-28T22:54:10.614+0800: 0.858: [Tenured: 428498K->306929K(428628K), 0.0366253 secs] 564244K->306929K(612820K), [Metaspace: 2987K->2987K(1056768K)], 0.0704778 secs] [Times: user=0.06 sys=0.00, real=0.07 secs] 
2020-10-28T22:54:10.675+0800: 0.923: [GC (Allocation Failure) 2020-10-28T22:54:10.675+0800: 0.923: [DefNew: 204736K->25536K(230272K), 0.0217354 secs] 511665K->369272K(741824K), 0.0218022 secs] [Times: user=0.03 sys=0.00, real=0.03 secs] 
2020-10-28T22:54:10.735+0800: 0.976: [GC (Allocation Failure) 2020-10-28T22:54:10.735+0800: 0.976: [DefNew: 230272K->25535K(230272K), 0.0258095 secs] 574008K->432613K(741824K), 0.0258747 secs] [Times: user=0.02 sys=0.00, real=0.03 secs] 
2020-10-28T22:54:10.803+0800: 1.044: [GC (Allocation Failure) 2020-10-28T22:54:10.803+0800: 1.044: [DefNew: 230271K->25535K(230272K), 0.0333522 secs] 637349K->492152K(741824K), 0.0334204 secs] [Times: user=0.03 sys=0.00, real=0.03 secs] 
2020-10-28T22:54:10.876+0800: 1.117: [GC (Allocation Failure) 2020-10-28T22:54:10.876+0800: 1.117: [DefNew: 230271K->25535K(230272K), 0.0407923 secs]2020-10-28T22:54:10.916+0800: 1.158: [Tenured: 523712K->685K(523716K), 0.0020568 secs] 696888K->685K(753988K), [Metaspace: 2988K->2988K(1056768K)], 0.0435396 secs] [Times: user=0.03 sys=0.00, real=0.04 secs] 
Heap
 def new generation   total 230272K, used 4095K [0x00000006c1c00000, 0x00000006d15d0000, 0x0000000716800000)
  eden space 204736K,   2% used [0x00000006c1c00000, 0x00000006c1fffc70, 0x00000006ce3f0000)
  from space 25536K,   0% used [0x00000006ce3f0000, 0x00000006ce3f0000, 0x00000006cfce0000)
  to   space 25536K,   0% used [0x00000006cfce0000, 0x00000006cfce0000, 0x00000006d15d0000)
 tenured generation   total 511552K, used 685K [0x0000000716800000, 0x0000000735b90000, 0x00000007c0000000)
   the space 511552K,   0% used [0x0000000716800000, 0x00000007168ab518, 0x00000007168ab600, 0x0000000735b90000)
 Metaspace       used 2994K, capacity 4486K, committed 4864K, reserved 1056768K
  class space    used 314K, capacity 386K, committed 512K, reserved 1048576K
